// Jest Snapshot v1, https://goo.gl/fbAQLP

exports[`Highlight creates categories index 1`] = `
Object {
  "alphaBeta": true,
  "fooBar": true,
}
`;

exports[`Highlight creates entities index 1`] = `
Object {
  "british": true,
  "cairoEqypt": true,
}
`;

exports[`Highlight returns subset of Highlight attributes 1`] = `
Object {
  "body": "Hello world",
  "entities": Array [
    Object {
      "metadata": Object {},
      "name": "Cairo, Eqypt",
      "type": "LOCATION",
    },
    Object {
      "metadata": Object {
        "wikipedia_url": "https://en.wikipedia.org/wiki/United_Kingdom",
      },
      "name": "British",
      "type": "LOCATION",
    },
  ],
  "id": 1,
  "location": "123",
  "sentiment": Object {
    "magnitude": 0.800000011920929,
    "score": -0.4000000059604645,
  },
}
`;
